2025-10-30T03:09:59.654-05:00  INFO 21648 --- [cakecandy-order-service] [restartedMain] c.c.CakecandyOrderServiceApplication     : Starting CakecandyOrderServiceApplication using Java 21.0.6 with PID 21648 (C:\Users\Andre\Downloads\ProyectFinal\cakecandy-order-service-main\target\classes started by Andre in C:\Users\Andre\Downloads\ProyectFinal\cakecandy-order-service-main)
2025-10-30T03:09:59.656-05:00  INFO 21648 --- [cakecandy-order-service] [restartedMain] c.c.CakecandyOrderServiceApplication     : No active profile set, falling back to 1 default profile: "default"
2025-10-30T03:09:59.703-05:00  INFO 21648 --- [cakecandy-order-service] [restartedMain] o.s.c.c.c.ConfigServerConfigDataLoader   : Fetching config from server at : http://localhost:5555
2025-10-30T03:09:59.703-05:00  INFO 21648 --- [cakecandy-order-service] [restartedMain] o.s.c.c.c.ConfigServerConfigDataLoader   : Located environment: name=cakecandy-order-service, profiles=[default], label=null, version=null, state=null
2025-10-30T03:09:59.705-05:00  INFO 21648 --- [cakecandy-order-service] [restartedMain] .e.DevToolsPropertyDefaultsPostProcessor : Devtools property defaults active! Set 'spring.devtools.add-properties' to 'false' to disable
2025-10-30T03:09:59.705-05:00  INFO 21648 --- [cakecandy-order-service] [restartedMain] .e.DevToolsPropertyDefaultsPostProcessor : For additional web related logging consider setting the 'logging.level.web' property to 'DEBUG'
2025-10-30T03:10:01.553-05:00  INFO 21648 --- [cakecandy-order-service] [restartedMain] .s.d.r.c.RepositoryConfigurationDelegate : Bootstrapping Spring Data JPA repositories in DEFAULT mode.
2025-10-30T03:10:01.791-05:00  INFO 21648 --- [cakecandy-order-service] [restartedMain] .s.d.r.c.RepositoryConfigurationDelegate : Finished Spring Data repository scanning in 223 ms. Found 4 JPA repository interfaces.
2025-10-30T03:10:02.126-05:00  INFO 21648 --- [cakecandy-order-service] [restartedMain] o.s.cloud.context.scope.GenericScope     : BeanFactory id=799178a8-4a09-3ed0-b382-7b4743f36dc6
2025-10-30T03:10:02.767-05:00  INFO 21648 --- [cakecandy-order-service] [restartedMain] o.s.b.w.embedded.tomcat.TomcatWebServer  : Tomcat initialized with port 0 (http)
2025-10-30T03:10:02.788-05:00  INFO 21648 --- [cakecandy-order-service] [restartedMain] o.apache.catalina.core.StandardService   : Starting service [Tomcat]
2025-10-30T03:10:02.788-05:00  INFO 21648 --- [cakecandy-order-service] [restartedMain] o.apache.catalina.core.StandardEngine    : Starting Servlet engine: [Apache Tomcat/10.1.48]
2025-10-30T03:10:02.862-05:00  INFO 21648 --- [cakecandy-order-service] [restartedMain] o.a.c.c.C.[Tomcat].[localhost].[/]       : Initializing Spring embedded WebApplicationContext
2025-10-30T03:10:02.862-05:00  INFO 21648 --- [cakecandy-order-service] [restartedMain] w.s.c.ServletWebServerApplicationContext : Root WebApplicationContext: initialization completed in 3156 ms
2025-10-30T03:10:03.156-05:00  INFO 21648 --- [cakecandy-order-service] [restartedMain] com.zaxxer.hikari.HikariDataSource       : HikariPool-1 - Starting...
2025-10-30T03:10:03.526-05:00  INFO 21648 --- [cakecandy-order-service] [restartedMain] com.zaxxer.hikari.pool.HikariPool        : HikariPool-1 - Added connection com.mysql.cj.jdbc.ConnectionImpl@321e60d7
2025-10-30T03:10:03.528-05:00  INFO 21648 --- [cakecandy-order-service] [restartedMain] com.zaxxer.hikari.HikariDataSource       : HikariPool-1 - Start completed.
2025-10-30T03:10:03.596-05:00  INFO 21648 --- [cakecandy-order-service] [restartedMain] o.hibernate.jpa.internal.util.LogHelper  : HHH000204: Processing PersistenceUnitInfo [name: default]
2025-10-30T03:10:03.703-05:00  INFO 21648 --- [cakecandy-order-service] [restartedMain] org.hibernate.Version                    : HHH000412: Hibernate ORM core version 6.6.33.Final
2025-10-30T03:10:03.770-05:00  INFO 21648 --- [cakecandy-order-service] [restartedMain] o.h.c.internal.RegionFactoryInitiator    : HHH000026: Second-level cache disabled
2025-10-30T03:10:04.149-05:00  INFO 21648 --- [cakecandy-order-service] [restartedMain] o.s.o.j.p.SpringPersistenceUnitInfo      : No LoadTimeWeaver setup: ignoring JPA class transformer
2025-10-30T03:10:04.281-05:00  INFO 21648 --- [cakecandy-order-service] [restartedMain] org.hibernate.orm.connections.pooling    : HHH10001005: Database info:
	Database JDBC URL [Connecting through datasource 'HikariDataSource (HikariPool-1)']
	Database driver: undefined/unknown
	Database version: 8.3
	Autocommit mode: undefined/unknown
	Isolation level: undefined/unknown
	Minimum pool size: undefined/unknown
	Maximum pool size: undefined/unknown
2025-10-30T03:10:05.542-05:00  INFO 21648 --- [cakecandy-order-service] [restartedMain] o.h.e.t.j.p.i.JtaPlatformInitiator       : HHH000489: No JTA platform available (set 'hibernate.transaction.jta.platform' to enable JTA platform integration)
2025-10-30T03:10:05.546-05:00  INFO 21648 --- [cakecandy-order-service] [restartedMain] j.LocalContainerEntityManagerFactoryBean : Initialized JPA EntityManagerFactory for persistence unit 'default'
2025-10-30T03:10:06.060-05:00  WARN 21648 --- [cakecandy-order-service] [restartedMain] JpaBaseConfiguration$JpaWebConfiguration : spring.jpa.open-in-view is enabled by default. Therefore, database queries may be performed during view rendering. Explicitly configure spring.jpa.open-in-view to disable this warning
2025-10-30T03:10:07.015-05:00  WARN 21648 --- [cakecandy-order-service] [restartedMain] o.s.b.d.a.OptionalLiveReloadServer       : Unable to start LiveReload server
2025-10-30T03:10:07.040-05:00  INFO 21648 --- [cakecandy-order-service] [restartedMain] DiscoveryClientOptionalArgsConfiguration : Eureka HTTP Client uses RestTemplate.
2025-10-30T03:10:07.092-05:00  WARN 21648 --- [cakecandy-order-service] [restartedMain] iguration$LoadBalancerCaffeineWarnLogger : Spring Cloud LoadBalancer is currently working with the default cache. While this cache implementation is useful for development and tests, it's recommended to use Caffeine cache in production.You can switch to using Caffeine cache, by adding it and org.springframework.cache.caffeine.CaffeineCacheManager to the classpath.
2025-10-30T03:10:07.102-05:00  INFO 21648 --- [cakecandy-order-service] [restartedMain] o.s.b.a.e.web.EndpointLinksResolver      : Exposing 17 endpoints beneath base path '/actuator'
2025-10-30T03:10:07.235-05:00  INFO 21648 --- [cakecandy-order-service] [restartedMain] o.s.b.w.embedded.tomcat.TomcatWebServer  : Tomcat started on port 62664 (http) with context path '/'
2025-10-30T03:10:07.237-05:00  INFO 21648 --- [cakecandy-order-service] [restartedMain] .s.c.n.e.s.EurekaAutoServiceRegistration : Updating port to 62664
2025-10-30T03:10:07.242-05:00  INFO 21648 --- [cakecandy-order-service] [restartedMain] o.s.c.n.eureka.InstanceInfoFactory       : Setting initial instance status as: STARTING
2025-10-30T03:10:07.303-05:00  INFO 21648 --- [cakecandy-order-service] [restartedMain] com.netflix.discovery.DiscoveryClient    : Initializing Eureka in region us-east-1
2025-10-30T03:10:07.311-05:00  INFO 21648 --- [cakecandy-order-service] [restartedMain] c.n.d.s.r.aws.ConfigClusterResolver      : Resolving eureka endpoints via configuration
2025-10-30T03:10:07.332-05:00  INFO 21648 --- [cakecandy-order-service] [restartedMain] com.netflix.discovery.DiscoveryClient    : Disable delta property : false
2025-10-30T03:10:07.333-05:00  INFO 21648 --- [cakecandy-order-service] [restartedMain] com.netflix.discovery.DiscoveryClient    : Single vip registry refresh property : null
2025-10-30T03:10:07.333-05:00  INFO 21648 --- [cakecandy-order-service] [restartedMain] com.netflix.discovery.DiscoveryClient    : Force full registry fetch : false
2025-10-30T03:10:07.333-05:00  INFO 21648 --- [cakecandy-order-service] [restartedMain] com.netflix.discovery.DiscoveryClient    : Application is null : false
2025-10-30T03:10:07.333-05:00  INFO 21648 --- [cakecandy-order-service] [restartedMain] com.netflix.discovery.DiscoveryClient    : Registered Applications size is zero : true
2025-10-30T03:10:07.333-05:00  INFO 21648 --- [cakecandy-order-service] [restartedMain] com.netflix.discovery.DiscoveryClient    : Application version is -1: true
2025-10-30T03:10:07.333-05:00  INFO 21648 --- [cakecandy-order-service] [restartedMain] com.netflix.discovery.DiscoveryClient    : Getting all instance registry info from the eureka server
2025-10-30T03:10:07.670-05:00  INFO 21648 --- [cakecandy-order-service] [restartedMain] com.netflix.discovery.DiscoveryClient    : The response status is 200
2025-10-30T03:10:07.672-05:00  INFO 21648 --- [cakecandy-order-service] [restartedMain] com.netflix.discovery.DiscoveryClient    : Starting heartbeat executor: renew interval is: 30
2025-10-30T03:10:07.674-05:00  INFO 21648 --- [cakecandy-order-service] [restartedMain] c.n.discovery.InstanceInfoReplicator     : InstanceInfoReplicator onDemand update allowed rate per min is 4
2025-10-30T03:10:07.676-05:00  INFO 21648 --- [cakecandy-order-service] [restartedMain] com.netflix.discovery.DiscoveryClient    : Discovery Client initialized at timestamp 1761811807675 with initial instances count: 3
2025-10-30T03:10:07.679-05:00  INFO 21648 --- [cakecandy-order-service] [restartedMain] o.s.c.n.e.s.EurekaServiceRegistry        : Registering application CAKECANDY-ORDER-SERVICE with eureka with status UP
2025-10-30T03:10:07.680-05:00  INFO 21648 --- [cakecandy-order-service] [restartedMain] com.netflix.discovery.DiscoveryClient    : Saw local status change event StatusChangeEvent [timestamp=1761811807680, current=UP, previous=STARTING]
2025-10-30T03:10:07.682-05:00  INFO 21648 --- [cakecandy-order-service] [DiscoveryClient-InstanceInfoReplicator-%d] com.netflix.discovery.DiscoveryClient    : DiscoveryClient_CAKECANDY-ORDER-SERVICE/DESKTOP-0KN3252:cakecandy-order-service:0: registering service...
2025-10-30T03:10:07.700-05:00  INFO 21648 --- [cakecandy-order-service] [restartedMain] c.c.CakecandyOrderServiceApplication     : Started CakecandyOrderServiceApplication in 16.143 seconds (process running for 17.085)
2025-10-30T03:10:07.731-05:00  INFO 21648 --- [cakecandy-order-service] [DiscoveryClient-InstanceInfoReplicator-%d] com.netflix.discovery.DiscoveryClient    : DiscoveryClient_CAKECANDY-ORDER-SERVICE/DESKTOP-0KN3252:cakecandy-order-service:0 - registration status: 204
2025-10-30T03:10:08.048-05:00  INFO 21648 --- [cakecandy-order-service] [RMI TCP Connection(10)-127.0.0.1] o.a.c.c.C.[Tomcat].[localhost].[/]       : Initializing Spring DispatcherServlet 'dispatcherServlet'
2025-10-30T03:10:08.049-05:00  INFO 21648 --- [cakecandy-order-service] [RMI TCP Connection(10)-127.0.0.1] o.s.web.servlet.DispatcherServlet        : Initializing Servlet 'dispatcherServlet'
2025-10-30T03:10:08.051-05:00  INFO 21648 --- [cakecandy-order-service] [RMI TCP Connection(10)-127.0.0.1] o.s.web.servlet.DispatcherServlet        : Completed initialization in 2 ms
2025-10-30T03:15:07.341-05:00  INFO 21648 --- [cakecandy-order-service] [AsyncResolver-bootstrap-executor-%d] c.n.d.s.r.aws.ConfigClusterResolver      : Resolving eureka endpoints via configuration
